2026-05-25 19:13:51,610 [INFO] Initializing Project Kuru Orchestrator...
2026-05-25 19:13:51,612 [INFO] Loading Project Kuru AI Models...
2026-05-25 19:13:53,875 [INFO] [OK] 15-Minute Model loaded successfully.
2026-05-25 19:13:53,929 [INFO] [OK] 60-Minute Model loaded successfully.
2026-05-25 19:13:53,929 [INFO] [STARTUP] Syncing position state from exchange...
2026-05-25 19:13:55,957 [INFO] [STARTUP] Found existing BTC position. Recovering as LONG.
2026-05-25 19:13:55,957 [INFO] [19:13:55] --> Firing 60-Minute Trend Model
2026-05-25 19:13:55,957 [INFO] Fetching live 1h data...
2026-05-25 19:13:56,113 [INFO] [1h] Model Confidence for UP: 48.02%
2026-05-25 19:13:56,113 [INFO] System active. Waiting for next candle close...
2026-05-25 19:13:56,390 [INFO] [STARTUP] Syncing position state from exchange...
2026-05-25 19:13:56,483 [INFO] [STARTUP] Found existing BTC position. Recovering as LONG.
2026-05-25 19:15:00,485 [INFO] [19:15:00] --> Firing 15-Minute Sniper Model
2026-05-25 19:15:00,485 [INFO] Fetching live 15m data...
2026-05-25 19:15:00,626 [INFO] [15m] Model Confidence for UP: 53.15%
2026-05-25 19:15:00,783 [INFO] [STARTUP] Syncing position state from exchange...
2026-05-25 19:15:00,982 [INFO] [STARTUP] Found existing BTC position. Recovering as LONG.
2026-05-25 19:30:00,988 [INFO] [19:30:00] --> Firing 15-Minute Sniper Model
2026-05-25 19:30:00,992 [INFO] Fetching live 15m data...
2026-05-25 19:30:01,913 [INFO] [15m] Model Confidence for UP: 51.72%
2026-05-25 19:30:02,022 [INFO] [STARTUP] Syncing position state from exchange...
2026-05-25 19:30:02,362 [INFO] [STARTUP] Found existing BTC position. Recovering as LONG.
2026-05-25 19:45:00,364 [INFO] [19:45:00] --> Firing 15-Minute Sniper Model
2026-05-25 19:45:00,365 [INFO] Fetching live 15m data...
2026-05-25 19:45:01,328 [INFO] [15m] Model Confidence for UP: 50.45%
2026-05-25 19:45:01,421 [INFO] [STARTUP] Syncing position state from exchange...
2026-05-25 19:45:01,758 [INFO] [STARTUP] Found existing BTC position. Recovering as LONG.
2026-05-25 20:00:00,759 [INFO] [20:00:00] --> Firing 15-Minute Sniper Model
2026-05-25 20:00:00,760 [INFO] Fetching live 15m data...
2026-05-25 20:00:01,926 [INFO] [15m] Model Confidence for UP: 53.25%
2026-05-25 20:00:01,927 [INFO] [20:00:01] --> Firing 60-Minute Trend Model
2026-05-25 20:00:01,927 [INFO] Fetching live 1h data...
2026-05-25 20:00:02,159 [INFO] [1h] Model Confidence for UP: 49.50%
2026-05-25 20:00:02,343 [INFO] [STARTUP] Syncing position state from exchange...
2026-05-25 20:00:02,556 [INFO] [STARTUP] Found existing BTC position. Recovering as LONG.
2026-05-25 20:15:00,557 [INFO] [20:15:00] --> Firing 15-Minute Sniper Model
2026-05-25 20:15:00,557 [INFO] Fetching live 15m data...
2026-05-25 20:15:01,526 [INFO] [15m] Model Confidence for UP: 51.74%
2026-05-25 20:15:01,709 [INFO] [STARTUP] Syncing position state from exchange...
2026-05-25 20:15:01,809 [INFO] [STARTUP] Found existing BTC position. Recovering as LONG.
2026-05-25 20:30:00,810 [INFO] [20:30:00] --> Firing 15-Minute Sniper Model
2026-05-25 20:30:00,811 [INFO] Fetching live 15m data...
2026-05-25 20:30:01,685 [INFO] [15m] Model Confidence for UP: 51.41%
2026-05-25 20:30:01,865 [INFO] [STARTUP] Syncing position state from exchange...
2026-05-25 20:30:02,057 [INFO] [STARTUP] Found existing BTC position. Recovering as LONG.
